// Jest Snapshot v1, https://goo.gl/fbAQLP

exports[`Cart Test should render Cart without error 1`] = `
<div
  className="cart_container"
>
  <div
    className="cart_container__no_product"
  >
    Aún no ha agregado ningún producto
    <div
      className="link"
    >
      Link
    </div>
  </div>
</div>
`;
