// Jest Snapshot v1, https://goo.gl/fbAQLP

exports[`Header test should render Header component 1`] = `
<header
  className="header"
>
  <div
    className="header__logo_container"
  >
    <div
      className="link"
    >
      Link
    </div>
  </div>
  <div>
    <div
      className="link"
    >
      Link
    </div>
    <div
      className="link"
    >
      Link
    </div>
  </div>
</header>
`;
