// Jest Snapshot v1, https://goo.gl/fbAQLP

exports[`CartItem Test should render CartItem without error 1`] = `
<div
  className="cart_item"
>
  <div>
    <img
      alt="Parlante Bluetooth LoudTeeth 1000"
      src="https://www.lider.cl/catalogo/images/catalogo_no_photo.jpg"
    />
  </div>
  <div
    className="cart_item__description"
  >
    <span>
      Marca6
    </span>
    <p>
      Parlante Bluetooth LoudTeeth 1000
    </p>
    <strong>
      Cantidad: 
    </strong>
  </div>
  <div>
    <div>
      $90.000
    </div>
  </div>
</div>
`;
